./Makefile:1: MINOR:C-G1
./include/my.h:1: MINOR:C-G1
./include/pongsh.h:1: MINOR:C-G1
./lib/my/my_put_nbr.c:1: MINOR:C-G1
./lib/my/my_putchar.c:1: MINOR:C-G1
./lib/my/my_putstr.c:1: MINOR:C-G1
./lib/my/my_str_isalpha.c:1: MINOR:C-G1
./lib/my/my_str_islower.c:1: MINOR:C-G1
./lib/my/my_str_isnum.c:1: MINOR:C-G1
./lib/my/my_str_isprintable.c:1: MINOR:C-G1
./lib/my/my_str_isupper.c:1: MINOR:C-G1
./lib/my/my_strcapitalize.c:1: MINOR:C-G1
./lib/my/my_strcmp.c:1: MINOR:C-G1
./lib/my/my_strcpy.c:1: MINOR:C-G1
./lib/my/my_strlen.c:1: MINOR:C-G1
./lib/my/my_strlowcase.c:1: MINOR:C-G1
./lib/my/my_strupcase.c:1: MINOR:C-G1
./lib/my_printf/format_handlers.c:1: MINOR:C-G1
./lib/my_printf/format_processor.c:1: MINOR:C-G1
./lib/my_printf/my_printf.c:1: MINOR:C-G1
./libmy.a:1: MAJOR:C-O1
./obj/lib/format_handlers.o:1: MAJOR:C-O1
./obj/lib/format_processor.o:1: MAJOR:C-O1
./obj/lib/my_printf.o:1: MAJOR:C-O1
./obj/lib/my_put_nbr.o:1: MAJOR:C-O1
./obj/lib/my_putchar.o:1: MAJOR:C-O1
./obj/lib/my_putstr.o:1: MAJOR:C-O1
./obj/lib/my_str_isalpha.o:1: MAJOR:C-O1
./obj/lib/my_str_islower.o:1: MAJOR:C-O1
./obj/lib/my_str_isnum.o:1: MAJOR:C-O1
./obj/lib/my_str_isprintable.o:1: MAJOR:C-O1
./obj/lib/my_str_isupper.o:1: MAJOR:C-O1
./obj/lib/my_strcapitalize.o:1: MAJOR:C-O1
./obj/lib/my_strcmp.o:1: MAJOR:C-O1
./obj/lib/my_strcpy.o:1: MAJOR:C-O1
./obj/lib/my_strlen.o:1: MAJOR:C-O1
./obj/lib/my_strlowcase.o:1: MAJOR:C-O1
./obj/lib/my_strupcase.o:1: MAJOR:C-O1
./obj/src/builtin_cat.o:1: MAJOR:C-O1
./obj/src/builtin_ls.o:1: MAJOR:C-O1
./obj/src/builtins.o:1: MAJOR:C-O1
./obj/src/command_executor.o:1: MAJOR:C-O1
./obj/src/input_parser.o:1: MAJOR:C-O1
./obj/src/pongsh.o:1: MAJOR:C-O1
./obj/src/shell_core.o:1: MAJOR:C-O1
./pongsh:1: MAJOR:C-O1
./src/builtin_cat.c:1: MINOR:C-G1
./src/builtin_ls.c:1: MINOR:C-G1
./src/builtins.c:1: MINOR:C-G1
./src/command_executor.c:1: MINOR:C-G1
./src/input_parser.c:1: MINOR:C-G1
./src/input_parser.c:31: MAJOR:C-F4
./src/input_parser.c:32: MAJOR:C-F4
./src/input_parser.c:90: MAJOR:C-F4
./src/input_parser.c:91: MAJOR:C-F4
./src/input_parser.c:92: MAJOR:C-F4
./src/input_parser.c:93: MAJOR:C-F4
./src/input_parser.c:94: MAJOR:C-F4
./src/input_parser.c:95: MAJOR:C-F4
./src/pongsh.c:1: MINOR:C-G1
./src/shell_core.c:1: MINOR:C-G1
